// Jest Snapshot v1, https://goo.gl/fbAQLP

exports[`should render page correctly 1`] = `
<DocumentFragment>
  <div>
    <h1>
      page 2
    </h1>
    <hr />
    <button
      class="ant-btn"
      type="button"
    >
      <span>
        testGetApi
      </span>
    </button>
     
    <br />
    <button
      class="ant-btn"
      type="button"
    >
      <span>
        testPostApi
      </span>
    </button>
     
    <br />
    <h2>
      Open Chrome developer tool to inspect your request, and you can also see the response in the console
    </h2>
    <br />
    <h2>
      About websocket relative, wait 20s, server will push data and we will show it in console
    </h2>
  </div>
</DocumentFragment>
`;
