// Jest Snapshot v1, https://goo.gl/fbAQLP

exports[`should render Rules page correctly 1`] = `
<DocumentFragment>
  <div>
    <h1>
      Rules
    </h1>
    <hr />
    <button>
      click this button to change the stateA
    </button>
    <br />
    <h1>
      stateA: this is preload stateA
    </h1>
    <br />
    <button>
      click this button to async change the stateB
    </button>
    <br />
    <h1>
      stateB: this is preload stateB
    </h1>
  </div>
</DocumentFragment>
`;
